[dotenv@17.2.3] injecting env (11) from .env -- tip: ≡ƒöÉ prevent committing .env to code: https://dotenvx.com/precommit
[dotenv@17.2.3] injecting env (0) from .env -- tip: ΓÜÖ∩╕Å  suppress all logs with { quiet: true }
Web3 Version: 4.16.0
Connecting to RPC: http://127.0.0.1:7545
Private Key Length: 66
Account loaded: 0x906961055c385d84030Cb8d9676d739e535F7d69
Account to use: 0x906961055c385d84030Cb8d9676d739e535F7d69
Contract Address from Env: 0x471B8EAb2a5983A98Ef1D883E8861dBE2c800C6c
Blockchain Initialized Successfully. Wallet: 0x906961055c385d84030Cb8d9676d739e535F7d69
node : Error: Incorrect date value: 
'2026-01-10T15:25:57.083Z' for column 'expiry_date' at 
row 1
At line:1 char:1
+ node test_expiry.js > test_output.txt 2>&1
+ ~~~~~~~~~~~~~~~~~~~~~~~~~~~~~~~~~~~~~~~~~~
    + CategoryInfo          : NotSpecified: (Error: Inco 
   rrec..._date' at row 1:String) [], RemoteException
    + FullyQualifiedErrorId : NativeCommandError
 
    at PromisePool.query (C:\Users\shreeram\OneDrive\Desk
top\newdbms\server\node_modules\mysql2\lib\promise\pool.j
s:36:22)
    at exports.uploadDocument (C:\Users\shreeram\OneDrive
\Desktop\newdbms\server\controllers\documentController.js
:87:18)
    at process.processTicksAndRejections 
(node:internal/process/task_queues:103:5)
    at async runTest (C:\Users\shreeram\OneDrive\Desktop\
newdbms\server\test_expiry.js:126:9) {
  code: 'ER_TRUNCATED_WRONG_VALUE',
  errno: 1292,
  sql: "INSERT INTO documents (uploader_id, 
institution_id, filename, original_hash, tx_hash, 
block_number, expiry_date) VALUES (2, 1, 
'test_expiry_1767626756976.txt', '0xacdd9b189dbd2bd5d3ef3
6596ea1e3a5aa97064faed3eb4d7bac1c7c4146a8f8', 
'RECOVERED_FROM_BLOCKCHAIN', 0, 
'2026-01-10T15:25:57.083Z')",
  sqlState: '22007',
  sqlMessage: "Incorrect date value: 
'2026-01-10T15:25:57.083Z' for column 'expiry_date' at 
row 1"
}
[Upload 500] {
  message: "Upload/Anchor failed: Incorrect date value: '2026-01-10T15:25:57.083Z' for column 'expiry_date' at row 1"
}
Γ£à DB Updated to Expired Date
ΓÜá∩╕Å No certificate generated? { result: 'invalid' }
Test Failed: Error: Proof generation failed
    at runTest (C:\Users\shreeram\OneDrive\Desktop\newdbm
s\server\test_expiry.js:159:31)
    at process.processTicksAndRejections 
(node:internal/process/task_queues:103:5)
